; Library Functions
declare void @print(i64)
declare i64 @read()
declare i64 @trunc(double)
declare double @promote(i64)
declare void @assert(i64)

define void @f(i64 %a) {
call void @print(i64 %a)
ret void
}

define void @main() {
call void @f(i64 5)
ret void
}

