; Library Functions
declare void @print(i64)
declare i64 @read()
declare i64 @trunc(double)
declare double @promote(i64)
declare void @assert(i64)

define void @main() {
ret void
ret void
}

