Error at line 7,5: symbol 'undeclared_global' is not declared
