Error at line 7: symbol 'c' has not been declared before this use!
