Error at line 1,20: symbol 'argc' is already declared!
