Error at line 2: symbol 'b' is already declared!
Error at line 4: symbol 'b' is already declared!
