Error at line 12,5: no such field 'undef' on struct t of type test
