Error at line 8,5: no such field 'undef' on struct t of type test
