Error at line 5,1: Struct one cannot be declared more than once
