int GLOBAL = 5;
int main() {
    return GLOBAL;
}
