digraph G {
  f;
  f -> fac;
  f -> print;
  fac;
  fac -> fac;
  main;
  main -> f;
}
