; Library Functions
declare void @print(i64)
declare i64 @read()
declare i64 @truncate(double)
declare double @promote(i64)
declare void @assert(i1)
declare void @except(i1)

define i1 @main() {
%b = alloca i1
store i1 1, i1* %b
ret i1 0
}

