; Library Functions
declare void @print(i64)
declare i64 @read()
declare i64 @truncate(double)
declare double @promote(i64)
declare void @assert(i1)

define void @main() {
%f = alloca double
%g = alloca double
store double 1.5, double* %g
ret void
}

