Program
  List
    Function
      TypeId
      IdDecl
      List
      Block
        List
          AssignStmt
            IdUse
            StringLiteral
