Program
  List
    Function
      TypeId
      IdDecl
      List
      Block
        List
          DeclareStmt
            TypeId
            IdDecl
            Opt
          AssignStmt
            IdUse
            Numeral
