Program
  List
    Function
      TypeId
      IdDecl
      List
      Block
        List
          WhileStmt
            NotExpr
              BoolLiteral
            Block
              List
                ContinueStmt
                BreakStmt
