Program 
  List 1 item(s)
    Function main()
      IdDecl int main
        TypeId int
      List 0 item(s)
      Block 2 statement(s)
        List 2 item(s)
          DeclareStmt float f;
            IdDecl float f
              TypeId float
            Opt ?
          AssignStmt f = 3.5;
            IdUse f
            FloatLiteral 3.5
