Program
  List
    FunctionUnit
      Function
        TypeId
        IdDecl
        List
          ArgDef
            TypeId
            IdDecl
        Block
          List
