Program
  List
    Global
      DeclareStmt
        IdDecl
          TypeId
        Opt
          IntLiteral
    Function
      IdDecl
        TypeId
      List
      Block
        List
          ReturnStmt
            Opt
              IdUse
