Program
  List
    Function
      TypeId
      IdDecl
      List
      Block
        List
          IfStmt
            FalseLiteral
            Block
              List
            Opt
              Block
                List
