Program 
  List 1 item(s)
    Function main()
      IdDecl int main
        TypeId int
      List 0 item(s)
      Block 1 statement(s)
        List 1 item(s)
          IfStmt true
            BoolLiteral true
            Block 0 statement(s)
              List 0 item(s)
            Opt ?
