Program
  List
    Function
      IdDecl
        TypeId
      List
      Block
        List
    Function
      IdDecl
        TypeId
      List
        Argument
          IdDecl
            TypeId
      Block
        List
