Program
  List
    Function
      IdDecl
        TypeId
      List
      Block
        List
          AssignStmt
            IdUse
            IntLiteral
          AssignStmt
            IdUse
            FloatLiteral
