Program
  Function
    TypeId
    IdDecl
    List
    Block
      List
        WhileStmt
          TrueCond
          Block
            List
