Error at line 4,5: cannot call 'variable': not a function
