Error at line 5,5: cannot call 'callee': expected 3 arguments, got 2
Error at line 6,5: cannot call 'callee': expected 3 arguments, got 1
Error at line 7,5: cannot call 'callee': expected 3 arguments, got 0
