Error at line 6,5: cannot assign 'b' of type bool, got int
Error at line 8,5: cannot assign 'c' of type int, got bool
