Error at line 6,9: expected return type int, got bool
