Error at line 8,5: expected delete operand to be of type struct, got int
