Error at line 12,5: cannot assign 'a' of type struct ex_struct, got int
Error at line 13,5: cannot assign 'a' of type struct ex_struct, got bool
Error at line 14,5: cannot assign 'a' of type struct ex_struct, got struct other_struct
